<!DOCTYPE HTML PUBLIC "-//W3C//DTD HTML 4.01 Transitional//EN" "http://www.w3.org/TR/html4/loose.dtd">
<html>
<head>
<meta http-equiv="Content-Type" content="text/html; charset=utf8">
<title></title>
<style type="text/css">
.ansi2html-content { display: inline; white-space: pre-wrap; word-wrap: break-word; }
.body_foreground { color: #AAAAAA; }
.body_background { background-color: #000000; }
.body_foreground > .bold,.bold > .body_foreground, body.body_foreground > pre > .bold { color: #FFFFFF; font-weight: normal; }
.inv_foreground { color: #000000; }
.inv_background { background-color: #AAAAAA; }
.ansi34 { color: #0000aa; }
</style>
</head>
<body class="body_foreground body_background" style="font-size: normal;" >
<pre class="ansi2html-content">
<span id="line-0">Lorem ipsum dolor sit amet, consetetur sadipscing elitr, sed diam nonumy eirmod</span>
<span id="line-1">tempor invidunt ut labore et dolore magna aliquyam erat</span>
<span id="line-2">(<span class="ansi34">http://www.example.com/autolink</span>), sed diam voluptua.</span>
<span id="line-3"></span>
<span id="line-4">Lorem ipsum dolor sit amet, <span class="ansi34">consetetur</span></span>
<span id="line-5"><span class="ansi34">sadipscing</span><span class="ansi34">[1]</span> elitr, sed diam nonumy eirmod tempor</span>
<span id="line-6">invidunt ut labore et dolore magna aliquyam erat, sed diam voluptua. At vero eos</span>
<span id="line-7">et accusam et <span class="ansi34">justo duo dolores</span><span class="ansi34">[2]</span> et ea rebum. Stet clita kasd gubergren, no</span>
<span id="line-8">sea <span class="ansi34">takimata sanctus</span><span class="ansi34">[3]</span> est Lorem ipsum dolor sit amet.</span>
<span id="line-9"></span>
<span id="line-10"><span class="ansi34">[1]: http://www.example.com/inline </span></span>
<span id="line-11"><span class="ansi34">[2]: http://www.example.com/reference </span></span>
<span id="line-12"><span class="ansi34">[3]: ./showcase.md </span></span>
<span id="line-13"></span>

</pre>
</body>

</html>
